// Jest Snapshot v1, https://goo.gl/fbAQLP

exports[`addRerview Shoud render correctly 1`] = `
<DocumentFragment>
  <div
    class="add-review"
  >
    <form
      action="#"
      class="add-review__form"
    >
      <div
        class="rating"
      >
        <div
          class="rating__stars"
        >
          <input
            class="rating__input"
            id="star-1"
            name="rating"
            type="radio"
            value="1"
          />
          <label
            class="rating__label"
            for="star-1"
          >
            Rating 1
          </label>
          <input
            class="rating__input"
            id="star-2"
            name="rating"
            type="radio"
            value="2"
          />
          <label
            class="rating__label"
            for="star-2"
          >
            Rating 2
          </label>
          <input
            checked=""
            class="rating__input"
            id="star-3"
            name="rating"
            type="radio"
            value="3"
          />
          <label
            class="rating__label"
            for="star-3"
          >
            Rating 3
          </label>
          <input
            class="rating__input"
            id="star-4"
            name="rating"
            type="radio"
            value="4"
          />
          <label
            class="rating__label"
            for="star-4"
          >
            Rating 4
          </label>
          <input
            class="rating__input"
            id="star-5"
            name="rating"
            type="radio"
            value="5"
          />
          <label
            class="rating__label"
            for="star-5"
          >
            Rating 5
          </label>
        </div>
      </div>
      <div
        class="add-review__text"
      >
        <textarea
          class="add-review__textarea"
          id="review-text"
          name="review-text"
          placeholder="Review text"
        />
        <div
          class="add-review__submit"
        >
          <button
            class="add-review__btn"
            type="submit"
          >
            Post
          </button>
        </div>
      </div>
    </form>
  </div>
</DocumentFragment>
`;
