// Jest Snapshot v1, https://goo.gl/fbAQLP

exports[`WithActiveCard hoc Should render correctly WithActiveCard HOC 1`] = `
<wrappedComponent
  movie={
    Object {
      "background_color": "#795433",
      "background_image": "https://es31-server.appspot.com/wtw/static/film/background/Pulp_Fiction.jpg",
      "description": "The lives of two mob hitmen, a boxer, a gangster & his wife, and a pair of diner bandits intertwine in four tales of violence and redemption.",
      "director": "Quentin Tarantino",
      "genre": "Crime",
      "id": 1,
      "is_favorite": false,
      "name": "Pulp Fiction",
      "poster_image": "https://es31-server.appspot.com/wtw/static/film/poster/Pulp_Fiction.jpg",
      "preview_image": "https://es31-server.appspot.com/wtw/static/film/preview/pulp-fiction.jpg",
      "preview_video_link": "https://upload.wikimedia.org/wikipedia/commons/transcoded/b/b3/Big_Buck_Bunny_Trailer_400p.ogv/Big_Buck_Bunny_Trailer_400p.ogv.360p.webm",
      "rating": 4.5,
      "released": 1994,
      "run_time": 153,
      "scores_count": 1635992,
      "starring": Array [
        "John Travolta",
        "Uma Thurman",
        "Samuel L. Jackson",
      ],
      "video_link": "http://peach.themazzone.com/durian/movies/sintel-1024-surround.mp4",
    }
  }
/>
`;
