// Jest Snapshot v1, https://goo.gl/fbAQLP

exports[`Tabs Should render correctly Tabs 1`] = `
<DocumentFragment>
  <nav
    class="movie-nav movie-card__nav"
  >
    <ul
      class="movie-nav__list"
    >
      <li
        class="movie-nav__item"
      >
        <a
          class="movie-nav__link"
          href="#"
        >
          Overview
        </a>
      </li>
      <li
        class="movie-nav__item"
      >
        <a
          class="movie-nav__link"
          href="#"
        >
          Details
        </a>
      </li>
      <li
        class="movie-nav__item"
      >
        <a
          class="movie-nav__link"
          href="#"
        >
          Reviews
        </a>
      </li>
    </ul>
  </nav>
  <div />
</DocumentFragment>
`;
