// Jest Snapshot v1, https://goo.gl/fbAQLP

exports[`MoviePageDetails Should render correctly a MoviePageDetails component 1`] = `
<DocumentFragment>
  <div
    class="movie-rating"
  >
    <div
      class="movie-rating__score"
    >
      4.5
    </div>
    <p
      class="movie-rating__meta"
    >
      <span
        class="movie-rating__level"
      >
        Normal
      </span>
      <span
        class="movie-rating__count"
      >
        1635992 ratings
      </span>
    </p>
  </div>
  <div
    class="movie-card__text"
  >
    The lives of two mob hitmen, a boxer, a gangster & his wife, and a pair of diner bandits intertwine in four tales of violence and redemption.
    <p
      class="movie-card__director"
    >
      <strong>
        Director: Quentin Tarantino
      </strong>
    </p>
    <p
      class="movie-card__starring"
    >
      <strong>
        Starring: John Travolta, Uma Thurman, Samuel L. Jackson
      </strong>
    </p>
  </div>
</DocumentFragment>
`;
