// Jest Snapshot v1, https://goo.gl/fbAQLP

exports[`Header Should render correctly header 1`] = `
<DocumentFragment>
  <header
    class="page-header movie-card__head"
  >
    <div
      class="logo"
    >
      <a
        class="logo__link"
      >
        <span
          class="logo__letter logo__letter--1"
        >
          W
        </span>
        <span
          class="logo__letter logo__letter--2"
        >
          T
        </span>
        <span
          class="logo__letter logo__letter--3"
        >
          W
        </span>
      </a>
    </div>
    <div
      class="user-block"
    >
      <div
        class="user-block"
      >
        <a
          class="user-block__link"
          href="sign-in.html"
        >
          Sign in
        </a>
      </div>
    </div>
  </header>
</DocumentFragment>
`;
