// Jest Snapshot v1, https://goo.gl/fbAQLP

exports[`Catalog Should render correctly a catalog 1`] = `
<DocumentFragment>
  <section
    class="catalog"
  >
    <h2
      class="catalog__title visually-hidden"
    >
      Catalog
    </h2>
    <ul
      class="catalog__genres-list"
    >
      <li
        class="catalog__genres-item catalog__genres-item--active"
      >
        <a
          class="catalog__genres-link"
          href="#"
        >
          All genres
        </a>
      </li>
    </ul>
    <div
      class="catalog__movies-list"
    />
  </section>
</DocumentFragment>
`;
