// Jest Snapshot v1, https://goo.gl/fbAQLP

exports[`GenreList Should render correctly a genreList component 1`] = `
<DocumentFragment>
  <ul
    class="catalog__genres-list"
  >
    <li
      class="catalog__genres-item catalog__genres-item--active"
    >
      <a
        class="catalog__genres-link"
        href="#"
      >
        All genres
      </a>
    </li>
    <li
      class="catalog__genres-item"
    >
      <a
        class="catalog__genres-link"
        href="#"
      >
        Drama
      </a>
    </li>
    <li
      class="catalog__genres-item"
    >
      <a
        class="catalog__genres-link"
        href="#"
      >
        Comedy
      </a>
    </li>
    <li
      class="catalog__genres-item"
    >
      <a
        class="catalog__genres-link"
        href="#"
      >
        Thriller
      </a>
    </li>
    <li
      class="catalog__genres-item"
    >
      <a
        class="catalog__genres-link"
        href="#"
      >
        Fantasy
      </a>
    </li>
    <li
      class="catalog__genres-item"
    >
      <a
        class="catalog__genres-link"
        href="#"
      >
        Horror
      </a>
    </li>
  </ul>
</DocumentFragment>
`;
