// Jest Snapshot v1, https://goo.gl/fbAQLP

exports[`MoviePageReviews Should render correctly a MoviePageReviews component 1`] = `
<DocumentFragment>
  <div
    class="movie-card__reviews movie-card__row"
  >
    <div
      class="movie-card__reviews-col"
    >
      <div
        class="review"
      >
        <blockquote
          class="review__quote"
        >
          <p
            class="review__text"
          >
            Unfortunately we don't have a reliable way to tell the true ratings of a movie.
          </p>
          <footer
            class="review__details"
          >
            <cite
              class="review__author"
            >
              Isaac
            </cite>
            <time
              class="review__date"
              datetime="2016-12-24"
            >
              2021-03-19T13:11:03.998Z
            </time>
          </footer>
        </blockquote>
        <div
          class="review__rating"
        >
          3.6
        </div>
      </div>
    </div>
  </div>
</DocumentFragment>
`;
